Skipping image OS validation for hb__08221699cec6aa6cbe69fea7c3e9d130: docker inspect returned 1
Running healthcheck: curl -fsS http://localhost:4173/api/health > /dev/null
Healthcheck failed (rc=7, in_start_period=True)
Healthcheck failed (rc=7, in_start_period=True)
Healthcheck failed (rc=7, in_start_period=True)
Healthcheck failed (rc=7, in_start_period=True)
Healthcheck failed (rc=7, in_start_period=True)
Healthcheck failed (rc=7, in_start_period=True)
Healthcheck failed (rc=7, in_start_period=True)
Healthcheck failed (rc=7, in_start_period=True)
Healthcheck failed (rc=7, in_start_period=True)
Healthcheck failed (rc=7, in_start_period=True)
Healthcheck failed (rc=7, in_start_period=False)
Healthcheck failed (rc=7, in_start_period=False)
Healthcheck failed (rc=7, in_start_period=False)
Healthcheck failed (rc=7, in_start_period=False)
Healthcheck failed (rc=7, in_start_period=False)
Healthcheck failed (rc=7, in_start_period=False)
Healthcheck failed (rc=7, in_start_period=False)
Healthcheck failed (rc=7, in_start_period=False)
Healthcheck failed (rc=7, in_start_period=False)
Healthcheck failed (rc=7, in_start_period=False)
Healthcheck failed (rc=7, in_start_period=False)
Healthcheck failed (rc=7, in_start_period=False)
Healthcheck failed (rc=7, in_start_period=False)
Healthcheck failed (rc=7, in_start_period=False)
Healthcheck failed (rc=7, in_start_period=False)
Healthcheck failed (rc=7, in_start_period=False)
Healthcheck failed (rc=7, in_start_period=False)
Healthcheck failed (rc=7, in_start_period=False)
Healthcheck failed (rc=7, in_start_period=False)
Healthcheck failed (rc=7, in_start_period=False)
Healthcheck failed (rc=7, in_start_period=False)
Healthcheck failed (rc=7, in_start_period=False)
Healthcheck failed (rc=7, in_start_period=False)
Healthcheck failed (rc=7, in_start_period=False)
Healthcheck failed (rc=7, in_start_period=False)
Healthcheck failed (rc=7, in_start_period=False)
Trial smoke-tip-calculator__QQFJ8KW cancelled
