15:35:21 http=000000 containers=[streak-habit-tracker__spewxzm__env-main-1 streak-habit-tracker__spewxzm__env-pocketbase-1 ]
15:35:41 http=000000 containers=[streak-habit-tracker__spewxzm__env-main-1 streak-habit-tracker__spewxzm__env-pocketbase-1 ]
15:36:02 http=000000 containers=[streak-habit-tracker__spewxzm__env-main-1 streak-habit-tracker__spewxzm__env-pocketbase-1 ]
15:36:22 http=000000 containers=[streak-habit-tracker__spewxzm__env-main-1 streak-habit-tracker__spewxzm__env-pocketbase-1 ]
15:36:42 http=000000 containers=[streak-habit-tracker__spewxzm__env-main-1 streak-habit-tracker__spewxzm__env-pocketbase-1 ]
15:37:02 http=000000 containers=[streak-habit-tracker__spewxzm__env-main-1 streak-habit-tracker__spewxzm__env-pocketbase-1 ]
15:37:22 http=000000 containers=[streak-habit-tracker__spewxzm__env-main-1 streak-habit-tracker__spewxzm__env-pocketbase-1 ]
15:37:42 http=000000 containers=[streak-habit-tracker__spewxzm__env-main-1 streak-habit-tracker__spewxzm__env-pocketbase-1 ]
15:38:02 http=000000 containers=[streak-habit-tracker__spewxzm__env-main-1 streak-habit-tracker__spewxzm__env-pocketbase-1 ]
15:38:22 http=000000 containers=[streak-habit-tracker__spewxzm__env-main-1 streak-habit-tracker__spewxzm__env-pocketbase-1 ]
15:38:42 http=000000 containers=[streak-habit-tracker__spewxzm__env-main-1 streak-habit-tracker__spewxzm__env-pocketbase-1 ]
15:39:03 http=000000 containers=[streak-habit-tracker__spewxzm__env-main-1 streak-habit-tracker__spewxzm__env-pocketbase-1 ]
15:39:23 http=000000 containers=[streak-habit-tracker__spewxzm__env-main-1 streak-habit-tracker__spewxzm__env-pocketbase-1 ]
15:39:43 http=000000 containers=[streak-habit-tracker__spewxzm__env-main-1 streak-habit-tracker__spewxzm__env-pocketbase-1 ]
15:40:03 http=000000 containers=[streak-habit-tracker__spewxzm__env-main-1 streak-habit-tracker__spewxzm__env-pocketbase-1 ]
15:40:23 http=000000 containers=[streak-habit-tracker__spewxzm__env-main-1 streak-habit-tracker__spewxzm__env-pocketbase-1 ]
15:40:43 http=000000 containers=[streak-habit-tracker__spewxzm__env-main-1 streak-habit-tracker__spewxzm__env-pocketbase-1 ]
15:41:03 http=000000 containers=[streak-habit-tracker__spewxzm__env-main-1 streak-habit-tracker__spewxzm__env-pocketbase-1 ]
15:41:23 http=000000 containers=[streak-habit-tracker__spewxzm__env-main-1 streak-habit-tracker__spewxzm__env-pocketbase-1 ]
15:41:43 http=000000 containers=[streak-habit-tracker__spewxzm__env-main-1 streak-habit-tracker__spewxzm__env-pocketbase-1 ]
15:42:03 http=000000 containers=[streak-habit-tracker__spewxzm__env-main-1 streak-habit-tracker__spewxzm__env-pocketbase-1 ]
15:42:23 http=000000 containers=[streak-habit-tracker__spewxzm__env-main-1 streak-habit-tracker__spewxzm__env-pocketbase-1 ]
15:42:44 http=000000 containers=[streak-habit-tracker__spewxzm__env-main-1 streak-habit-tracker__spewxzm__env-pocketbase-1 ]
15:43:04 http=000000 containers=[streak-habit-tracker__spewxzm__env-main-1 streak-habit-tracker__spewxzm__env-pocketbase-1 ]
15:43:24 http=000000 containers=[streak-habit-tracker__spewxzm__env-main-1 streak-habit-tracker__spewxzm__env-pocketbase-1 ]
15:43:44 http=000000 containers=[streak-habit-tracker__spewxzm__env-main-1 streak-habit-tracker__spewxzm__env-pocketbase-1 ]
15:44:04 http=000000 containers=[streak-habit-tracker__spewxzm__env-main-1 streak-habit-tracker__spewxzm__env-pocketbase-1 ]
15:44:24 http=000000 containers=[streak-habit-tracker__spewxzm__env-main-1 streak-habit-tracker__spewxzm__env-pocketbase-1 ]
15:44:44 http=000000 containers=[streak-habit-tracker__spewxzm__env-main-1 streak-habit-tracker__spewxzm__env-pocketbase-1 ]
15:45:04 http=000000 containers=[streak-habit-tracker__spewxzm__env-main-1 streak-habit-tracker__spewxzm__env-pocketbase-1 ]
15:45:24 http=000000 containers=[streak-habit-tracker__spewxzm__env-main-1 streak-habit-tracker__spewxzm__env-pocketbase-1 ]
15:45:44 http=000000 containers=[streak-habit-tracker__spewxzm__env-main-1 streak-habit-tracker__spewxzm__env-pocketbase-1 ]
15:46:04 http=000000 containers=[streak-habit-tracker__spewxzm__env-main-1 streak-habit-tracker__spewxzm__env-pocketbase-1 ]
15:46:24 http=000000 containers=[streak-habit-tracker__spewxzm__env-main-1 streak-habit-tracker__spewxzm__env-pocketbase-1 ]
15:46:44 http=000000 containers=[streak-habit-tracker__spewxzm__env-main-1 streak-habit-tracker__spewxzm__env-pocketbase-1 ]
15:47:05 http=000000 containers=[streak-habit-tracker__spewxzm__env-main-1 streak-habit-tracker__spewxzm__env-pocketbase-1 ]
15:47:25 http=000000 containers=[streak-habit-tracker__spewxzm__env-main-1 streak-habit-tracker__spewxzm__env-pocketbase-1 ]
15:47:45 http=000000 containers=[streak-habit-tracker__spewxzm__env-main-1 streak-habit-tracker__spewxzm__env-pocketbase-1 ]
15:48:05 http=000000 containers=[streak-habit-tracker__spewxzm__env-main-1 streak-habit-tracker__spewxzm__env-pocketbase-1 ]
15:48:25 http=000000 containers=[streak-habit-tracker__spewxzm__env-main-1 streak-habit-tracker__spewxzm__env-pocketbase-1 ]
15:48:45 http=000000 containers=[streak-habit-tracker__spewxzm__env-main-1 streak-habit-tracker__spewxzm__env-pocketbase-1 ]
15:49:05 http=000000 containers=[streak-habit-tracker__spewxzm__env-main-1 streak-habit-tracker__spewxzm__env-pocketbase-1 ]
15:49:25 http=200 containers=[streak-habit-tracker__spewxzm__env-main-1 streak-habit-tracker__spewxzm__env-pocketbase-1 ]
15:49:45 http=200 containers=[streak-habit-tracker__spewxzm__env-main-1 streak-habit-tracker__spewxzm__env-pocketbase-1 ]
15:50:05 http=200 containers=[streak-habit-tracker__spewxzm__env-main-1 streak-habit-tracker__spewxzm__env-pocketbase-1 ]
15:50:26 http=200 containers=[streak-habit-tracker__spewxzm__env-main-1 streak-habit-tracker__spewxzm__env-pocketbase-1 ]
15:50:46 http=200 containers=[streak-habit-tracker__spewxzm__env-main-1 streak-habit-tracker__spewxzm__env-pocketbase-1 ]
15:51:06 http=200 containers=[streak-habit-tracker__spewxzm__env-main-1 streak-habit-tracker__spewxzm__env-pocketbase-1 ]
15:51:26 http=200 containers=[streak-habit-tracker__spewxzm__env-main-1 streak-habit-tracker__spewxzm__env-pocketbase-1 ]
15:51:46 http=200 containers=[streak-habit-tracker__spewxzm__env-main-1 streak-habit-tracker__spewxzm__env-pocketbase-1 ]
15:52:06 http=200 containers=[streak-habit-tracker__spewxzm__env-main-1 streak-habit-tracker__spewxzm__env-pocketbase-1 ]
15:52:26 http=200 containers=[streak-habit-tracker__spewxzm__env-main-1 streak-habit-tracker__spewxzm__env-pocketbase-1 ]
15:52:46 http=200 containers=[streak-habit-tracker__spewxzm__env-main-1 streak-habit-tracker__spewxzm__env-pocketbase-1 ]
15:53:07 http=200 containers=[streak-habit-tracker__spewxzm__env-main-1 streak-habit-tracker__spewxzm__env-pocketbase-1 ]
15:53:27 http=200 containers=[streak-habit-tracker__spewxzm__env-main-1 ]
15:53:47 http=000000 containers=[streak-habit-tracker__spewxzm__verifier__trial-main-1 ]
15:54:07 http=000000 containers=[streak-habit-tracker__spewxzm__verifier__trial-main-1 ]
15:54:27 http=000000 containers=[streak-habit-tracker__spewxzm__verifier__trial-main-1 ]
15:54:47 http=000000 containers=[streak-habit-tracker__spewxzm__verifier__trial-main-1 ]
15:55:07 http=000000 containers=[streak-habit-tracker__spewxzm__verifier__trial-main-1 ]
15:55:27 http=000000 containers=[streak-habit-tracker__spewxzm__verifier__trial-main-1 ]
15:55:47 http=000000 containers=[streak-habit-tracker__spewxzm__verifier__trial-main-1 ]
15:56:07 http=000000 containers=[streak-habit-tracker__spewxzm__verifier__trial-main-1 ]
15:56:27 http=000000 containers=[]
15:56:47 http=000000 containers=[]
15:57:08 http=000000 containers=[]
15:57:28 http=000000 containers=[]
15:57:48 http=000000 containers=[]
15:58:08 http=000000 containers=[seat-allocation-map__8ehqqb9__env-postgres-1 seat-allocation-map__8ehqqb9__env-main-1 ]
15:58:28 http=000000 containers=[seat-allocation-map__8ehqqb9__env-postgres-1 seat-allocation-map__8ehqqb9__env-main-1 ]
15:58:48 http=000000 containers=[seat-allocation-map__8ehqqb9__env-postgres-1 seat-allocation-map__8ehqqb9__env-main-1 ]
15:59:08 http=000000 containers=[seat-allocation-map__8ehqqb9__env-postgres-1 seat-allocation-map__8ehqqb9__env-main-1 ]
15:59:28 http=000000 containers=[seat-allocation-map__8ehqqb9__env-postgres-1 seat-allocation-map__8ehqqb9__env-main-1 ]
15:59:48 http=000000 containers=[seat-allocation-map__8ehqqb9__env-postgres-1 seat-allocation-map__8ehqqb9__env-main-1 ]
16:00:08 http=000000 containers=[seat-allocation-map__8ehqqb9__env-postgres-1 seat-allocation-map__8ehqqb9__env-main-1 ]
16:00:28 http=000000 containers=[seat-allocation-map__8ehqqb9__env-postgres-1 seat-allocation-map__8ehqqb9__env-main-1 ]
16:00:48 http=000000 containers=[seat-allocation-map__8ehqqb9__env-postgres-1 seat-allocation-map__8ehqqb9__env-main-1 ]
16:01:09 http=000000 containers=[seat-allocation-map__8ehqqb9__env-postgres-1 seat-allocation-map__8ehqqb9__env-main-1 ]
16:01:29 http=000000 containers=[seat-allocation-map__8ehqqb9__env-postgres-1 seat-allocation-map__8ehqqb9__env-main-1 ]
16:01:49 http=000000 containers=[seat-allocation-map__8ehqqb9__env-postgres-1 seat-allocation-map__8ehqqb9__env-main-1 ]
16:02:09 http=000000 containers=[seat-allocation-map__8ehqqb9__env-postgres-1 seat-allocation-map__8ehqqb9__env-main-1 ]
16:02:29 http=000000 containers=[seat-allocation-map__8ehqqb9__env-postgres-1 seat-allocation-map__8ehqqb9__env-main-1 ]
16:02:49 http=000000 containers=[seat-allocation-map__8ehqqb9__env-postgres-1 seat-allocation-map__8ehqqb9__env-main-1 ]
16:03:09 http=000000 containers=[seat-allocation-map__8ehqqb9__env-postgres-1 seat-allocation-map__8ehqqb9__env-main-1 ]
16:03:29 http=000000 containers=[seat-allocation-map__8ehqqb9__env-postgres-1 seat-allocation-map__8ehqqb9__env-main-1 ]
16:03:49 http=000000 containers=[seat-allocation-map__8ehqqb9__env-postgres-1 seat-allocation-map__8ehqqb9__env-main-1 ]
16:04:09 http=000000 containers=[seat-allocation-map__8ehqqb9__env-postgres-1 seat-allocation-map__8ehqqb9__env-main-1 ]
16:04:29 http=000000 containers=[seat-allocation-map__8ehqqb9__env-postgres-1 seat-allocation-map__8ehqqb9__env-main-1 ]
16:04:49 http=000000 containers=[seat-allocation-map__8ehqqb9__env-postgres-1 seat-allocation-map__8ehqqb9__env-main-1 ]
16:05:10 http=000000 containers=[seat-allocation-map__8ehqqb9__env-postgres-1 seat-allocation-map__8ehqqb9__env-main-1 ]
16:05:30 http=000000 containers=[seat-allocation-map__8ehqqb9__env-postgres-1 seat-allocation-map__8ehqqb9__env-main-1 ]
16:05:50 http=000000 containers=[seat-allocation-map__8ehqqb9__env-postgres-1 seat-allocation-map__8ehqqb9__env-main-1 ]
16:06:10 http=000000 containers=[seat-allocation-map__8ehqqb9__env-postgres-1 seat-allocation-map__8ehqqb9__env-main-1 ]
16:06:30 http=000000 containers=[seat-allocation-map__8ehqqb9__env-postgres-1 seat-allocation-map__8ehqqb9__env-main-1 ]
16:06:50 http=000000 containers=[seat-allocation-map__8ehqqb9__env-postgres-1 seat-allocation-map__8ehqqb9__env-main-1 ]
16:07:10 http=000000 containers=[seat-allocation-map__8ehqqb9__env-postgres-1 seat-allocation-map__8ehqqb9__env-main-1 ]
16:07:30 http=000000 containers=[seat-allocation-map__8ehqqb9__env-postgres-1 seat-allocation-map__8ehqqb9__env-main-1 ]
16:07:50 http=000000 containers=[seat-allocation-map__8ehqqb9__env-postgres-1 seat-allocation-map__8ehqqb9__env-main-1 ]
16:08:11 http=000000 containers=[seat-allocation-map__8ehqqb9__env-postgres-1 seat-allocation-map__8ehqqb9__env-main-1 ]
16:08:31 http=000000 containers=[seat-allocation-map__8ehqqb9__env-postgres-1 seat-allocation-map__8ehqqb9__env-main-1 ]
16:08:51 http=000000 containers=[seat-allocation-map__8ehqqb9__env-postgres-1 seat-allocation-map__8ehqqb9__env-main-1 ]
16:09:11 http=000000 containers=[seat-allocation-map__8ehqqb9__env-postgres-1 seat-allocation-map__8ehqqb9__env-main-1 ]
16:09:31 http=000000 containers=[seat-allocation-map__8ehqqb9__env-postgres-1 seat-allocation-map__8ehqqb9__env-main-1 ]
16:09:51 http=000000 containers=[seat-allocation-map__8ehqqb9__env-postgres-1 seat-allocation-map__8ehqqb9__env-main-1 ]
16:10:11 http=000000 containers=[seat-allocation-map__8ehqqb9__env-postgres-1 seat-allocation-map__8ehqqb9__env-main-1 ]
16:10:31 http=000000 containers=[seat-allocation-map__8ehqqb9__env-postgres-1 seat-allocation-map__8ehqqb9__env-main-1 ]
16:10:51 http=000000 containers=[seat-allocation-map__8ehqqb9__env-postgres-1 seat-allocation-map__8ehqqb9__env-main-1 ]
16:11:11 http=000000 containers=[seat-allocation-map__8ehqqb9__env-postgres-1 seat-allocation-map__8ehqqb9__env-main-1 ]
16:11:31 http=000000 containers=[seat-allocation-map__8ehqqb9__env-postgres-1 seat-allocation-map__8ehqqb9__env-main-1 ]
16:11:52 http=000000 containers=[seat-allocation-map__8ehqqb9__env-postgres-1 seat-allocation-map__8ehqqb9__env-main-1 ]
16:12:12 http=000000 containers=[seat-allocation-map__8ehqqb9__env-postgres-1 seat-allocation-map__8ehqqb9__env-main-1 ]
16:12:32 http=000000 containers=[seat-allocation-map__8ehqqb9__env-postgres-1 seat-allocation-map__8ehqqb9__env-main-1 ]
16:12:52 http=000000 containers=[seat-allocation-map__8ehqqb9__env-postgres-1 seat-allocation-map__8ehqqb9__env-main-1 ]
16:13:12 http=000000 containers=[seat-allocation-map__8ehqqb9__env-postgres-1 seat-allocation-map__8ehqqb9__env-main-1 ]
16:13:32 http=000000 containers=[seat-allocation-map__8ehqqb9__env-postgres-1 seat-allocation-map__8ehqqb9__env-main-1 ]
16:13:52 http=000000 containers=[seat-allocation-map__8ehqqb9__env-postgres-1 seat-allocation-map__8ehqqb9__env-main-1 ]
16:14:12 http=000000 containers=[seat-allocation-map__8ehqqb9__env-postgres-1 seat-allocation-map__8ehqqb9__env-main-1 ]
16:14:32 http=000000 containers=[seat-allocation-map__8ehqqb9__env-postgres-1 seat-allocation-map__8ehqqb9__env-main-1 ]
16:14:52 http=000000 containers=[seat-allocation-map__8ehqqb9__env-postgres-1 seat-allocation-map__8ehqqb9__env-main-1 ]
16:15:12 http=000000 containers=[seat-allocation-map__8ehqqb9__env-postgres-1 seat-allocation-map__8ehqqb9__env-main-1 ]
16:15:33 http=000000 containers=[seat-allocation-map__8ehqqb9__env-postgres-1 seat-allocation-map__8ehqqb9__env-main-1 ]
16:15:53 http=000000 containers=[seat-allocation-map__8ehqqb9__env-postgres-1 seat-allocation-map__8ehqqb9__env-main-1 ]
16:16:13 http=000000 containers=[seat-allocation-map__8ehqqb9__env-postgres-1 seat-allocation-map__8ehqqb9__env-main-1 ]
16:16:33 http=000000 containers=[seat-allocation-map__8ehqqb9__env-postgres-1 seat-allocation-map__8ehqqb9__env-main-1 ]
16:16:53 http=000000 containers=[seat-allocation-map__8ehqqb9__env-postgres-1 seat-allocation-map__8ehqqb9__env-main-1 ]
16:17:13 http=000000 containers=[seat-allocation-map__8ehqqb9__env-postgres-1 seat-allocation-map__8ehqqb9__env-main-1 ]
16:17:33 http=000000 containers=[seat-allocation-map__8ehqqb9__env-postgres-1 seat-allocation-map__8ehqqb9__env-main-1 ]
16:17:53 http=000000 containers=[seat-allocation-map__8ehqqb9__env-postgres-1 seat-allocation-map__8ehqqb9__env-main-1 ]
16:18:13 http=000000 containers=[seat-allocation-map__8ehqqb9__env-postgres-1 seat-allocation-map__8ehqqb9__env-main-1 ]
16:18:34 http=000000 containers=[seat-allocation-map__8ehqqb9__env-postgres-1 seat-allocation-map__8ehqqb9__env-main-1 ]
16:18:54 http=000000 containers=[seat-allocation-map__8ehqqb9__env-postgres-1 seat-allocation-map__8ehqqb9__env-main-1 ]
16:19:14 http=000000 containers=[seat-allocation-map__8ehqqb9__env-postgres-1 seat-allocation-map__8ehqqb9__env-main-1 ]
16:19:34 http=000000 containers=[seat-allocation-map__8ehqqb9__env-postgres-1 seat-allocation-map__8ehqqb9__env-main-1 ]
16:19:54 http=000000 containers=[seat-allocation-map__8ehqqb9__env-postgres-1 seat-allocation-map__8ehqqb9__env-main-1 ]
16:20:14 http=000000 containers=[seat-allocation-map__8ehqqb9__env-postgres-1 seat-allocation-map__8ehqqb9__env-main-1 ]
16:20:34 http=000000 containers=[seat-allocation-map__8ehqqb9__env-postgres-1 seat-allocation-map__8ehqqb9__env-main-1 ]
16:20:54 http=000000 containers=[seat-allocation-map__8ehqqb9__env-postgres-1 seat-allocation-map__8ehqqb9__env-main-1 ]
16:21:14 http=000000 containers=[seat-allocation-map__8ehqqb9__env-postgres-1 seat-allocation-map__8ehqqb9__env-main-1 ]
16:21:34 http=000000 containers=[seat-allocation-map__8ehqqb9__env-postgres-1 seat-allocation-map__8ehqqb9__env-main-1 ]
16:21:55 http=200 containers=[seat-allocation-map__8ehqqb9__env-postgres-1 seat-allocation-map__8ehqqb9__env-main-1 ]
16:22:15 http=200 containers=[seat-allocation-map__8ehqqb9__env-postgres-1 seat-allocation-map__8ehqqb9__env-main-1 ]
16:22:35 http=200 containers=[seat-allocation-map__8ehqqb9__env-postgres-1 seat-allocation-map__8ehqqb9__env-main-1 ]
16:22:55 http=200 containers=[seat-allocation-map__8ehqqb9__env-postgres-1 seat-allocation-map__8ehqqb9__env-main-1 ]
16:23:15 http=200 containers=[seat-allocation-map__8ehqqb9__env-postgres-1 seat-allocation-map__8ehqqb9__env-main-1 ]
16:23:35 http=200 containers=[seat-allocation-map__8ehqqb9__env-postgres-1 seat-allocation-map__8ehqqb9__env-main-1 ]
16:23:55 http=200 containers=[seat-allocation-map__8ehqqb9__env-postgres-1 seat-allocation-map__8ehqqb9__env-main-1 ]
16:24:15 http=200 containers=[seat-allocation-map__8ehqqb9__env-postgres-1 seat-allocation-map__8ehqqb9__env-main-1 ]
16:24:35 http=200 containers=[seat-allocation-map__8ehqqb9__env-postgres-1 seat-allocation-map__8ehqqb9__env-main-1 ]
16:24:56 http=200 containers=[seat-allocation-map__8ehqqb9__env-postgres-1 seat-allocation-map__8ehqqb9__env-main-1 ]
16:25:16 http=200 containers=[seat-allocation-map__8ehqqb9__env-postgres-1 seat-allocation-map__8ehqqb9__env-main-1 ]
16:25:36 http=200 containers=[seat-allocation-map__8ehqqb9__env-postgres-1 seat-allocation-map__8ehqqb9__env-main-1 ]
16:25:56 http=200 containers=[seat-allocation-map__8ehqqb9__env-postgres-1 seat-allocation-map__8ehqqb9__env-main-1 ]
16:26:16 http=200 containers=[seat-allocation-map__8ehqqb9__env-postgres-1 seat-allocation-map__8ehqqb9__env-main-1 ]
16:26:36 http=200 containers=[seat-allocation-map__8ehqqb9__env-postgres-1 seat-allocation-map__8ehqqb9__env-main-1 ]
16:26:56 http=200 containers=[seat-allocation-map__8ehqqb9__env-postgres-1 seat-allocation-map__8ehqqb9__env-main-1 ]
16:27:17 http=200 containers=[seat-allocation-map__8ehqqb9__env-main-1 ]
16:27:37 http=000000 containers=[seat-allocation-map__8ehqqb9__verifier__trial-main-1 ]
16:27:57 http=000000 containers=[seat-allocation-map__8ehqqb9__verifier__trial-main-1 ]
16:28:17 http=000000 containers=[seat-allocation-map__8ehqqb9__verifier__trial-main-1 ]
16:28:37 http=000000 containers=[seat-allocation-map__8ehqqb9__verifier__trial-main-1 ]
16:28:57 http=000000 containers=[seat-allocation-map__8ehqqb9__verifier__trial-main-1 ]
16:29:17 http=000000 containers=[seat-allocation-map__8ehqqb9__verifier__trial-main-1 ]
16:29:37 http=000000 containers=[seat-allocation-map__8ehqqb9__verifier__trial-main-1 ]
16:29:57 http=000000 containers=[seat-allocation-map__8ehqqb9__verifier__trial-main-1 ]
16:30:17 http=000000 containers=[]
16:30:37 http=000000 containers=[seat-allocation-map__y4d4gda__env-postgres-1 seat-allocation-map__y4d4gda__env-main-1 ]
16:30:58 http=000000 containers=[seat-allocation-map__y4d4gda__env-postgres-1 seat-allocation-map__y4d4gda__env-main-1 ]
16:31:18 http=000000 containers=[seat-allocation-map__y4d4gda__env-postgres-1 seat-allocation-map__y4d4gda__env-main-1 ]
16:31:38 http=000000 containers=[seat-allocation-map__y4d4gda__env-postgres-1 seat-allocation-map__y4d4gda__env-main-1 ]
16:31:58 http=000000 containers=[seat-allocation-map__y4d4gda__env-postgres-1 seat-allocation-map__y4d4gda__env-main-1 ]
16:32:18 http=000000 containers=[seat-allocation-map__y4d4gda__env-postgres-1 seat-allocation-map__y4d4gda__env-main-1 ]
16:32:38 http=000000 containers=[seat-allocation-map__y4d4gda__env-postgres-1 seat-allocation-map__y4d4gda__env-main-1 ]
16:32:58 http=000000 containers=[seat-allocation-map__y4d4gda__env-postgres-1 seat-allocation-map__y4d4gda__env-main-1 ]
16:33:18 http=000000 containers=[seat-allocation-map__y4d4gda__env-postgres-1 seat-allocation-map__y4d4gda__env-main-1 ]
16:33:38 http=000000 containers=[seat-allocation-map__y4d4gda__env-postgres-1 seat-allocation-map__y4d4gda__env-main-1 ]
16:33:58 http=000000 containers=[seat-allocation-map__y4d4gda__env-postgres-1 seat-allocation-map__y4d4gda__env-main-1 ]
16:34:19 http=000000 containers=[seat-allocation-map__y4d4gda__env-postgres-1 seat-allocation-map__y4d4gda__env-main-1 ]
16:34:39 http=000000 containers=[seat-allocation-map__y4d4gda__env-postgres-1 seat-allocation-map__y4d4gda__env-main-1 ]
16:34:59 http=000000 containers=[seat-allocation-map__y4d4gda__env-postgres-1 seat-allocation-map__y4d4gda__env-main-1 ]
16:35:19 http=000000 containers=[seat-allocation-map__y4d4gda__env-postgres-1 seat-allocation-map__y4d4gda__env-main-1 ]
16:35:39 http=000000 containers=[seat-allocation-map__y4d4gda__env-postgres-1 seat-allocation-map__y4d4gda__env-main-1 ]
16:35:59 http=000000 containers=[seat-allocation-map__y4d4gda__env-postgres-1 seat-allocation-map__y4d4gda__env-main-1 ]
16:36:19 http=000000 containers=[seat-allocation-map__y4d4gda__env-postgres-1 seat-allocation-map__y4d4gda__env-main-1 ]
16:36:39 http=000000 containers=[seat-allocation-map__y4d4gda__env-postgres-1 seat-allocation-map__y4d4gda__env-main-1 ]
16:36:59 http=000000 containers=[seat-allocation-map__y4d4gda__env-postgres-1 seat-allocation-map__y4d4gda__env-main-1 ]
16:37:19 http=000000 containers=[seat-allocation-map__y4d4gda__env-postgres-1 seat-allocation-map__y4d4gda__env-main-1 ]
16:37:39 http=000000 containers=[seat-allocation-map__y4d4gda__env-postgres-1 seat-allocation-map__y4d4gda__env-main-1 ]
16:38:00 http=000000 containers=[seat-allocation-map__y4d4gda__env-postgres-1 seat-allocation-map__y4d4gda__env-main-1 ]
16:38:20 http=000000 containers=[seat-allocation-map__y4d4gda__env-postgres-1 seat-allocation-map__y4d4gda__env-main-1 ]
16:38:40 http=000000 containers=[seat-allocation-map__y4d4gda__env-postgres-1 seat-allocation-map__y4d4gda__env-main-1 ]
16:39:00 http=000000 containers=[seat-allocation-map__y4d4gda__env-postgres-1 seat-allocation-map__y4d4gda__env-main-1 ]
16:39:20 http=000000 containers=[seat-allocation-map__y4d4gda__env-postgres-1 seat-allocation-map__y4d4gda__env-main-1 ]
16:39:40 http=000000 containers=[seat-allocation-map__y4d4gda__env-postgres-1 seat-allocation-map__y4d4gda__env-main-1 ]
16:40:00 http=000000 containers=[seat-allocation-map__y4d4gda__env-postgres-1 seat-allocation-map__y4d4gda__env-main-1 ]
16:40:20 http=000000 containers=[seat-allocation-map__y4d4gda__env-postgres-1 seat-allocation-map__y4d4gda__env-main-1 ]
16:40:40 http=000000 containers=[seat-allocation-map__y4d4gda__env-postgres-1 seat-allocation-map__y4d4gda__env-main-1 ]
16:41:00 http=000000 containers=[seat-allocation-map__y4d4gda__env-postgres-1 seat-allocation-map__y4d4gda__env-main-1 ]
16:41:21 http=000000 containers=[seat-allocation-map__y4d4gda__env-postgres-1 seat-allocation-map__y4d4gda__env-main-1 ]
16:41:41 http=000000 containers=[seat-allocation-map__y4d4gda__env-postgres-1 seat-allocation-map__y4d4gda__env-main-1 ]
16:42:01 http=000000 containers=[seat-allocation-map__y4d4gda__env-postgres-1 seat-allocation-map__y4d4gda__env-main-1 ]
16:42:21 http=000000 containers=[seat-allocation-map__y4d4gda__env-postgres-1 seat-allocation-map__y4d4gda__env-main-1 ]
16:42:41 http=000000 containers=[seat-allocation-map__y4d4gda__env-postgres-1 seat-allocation-map__y4d4gda__env-main-1 ]
16:43:01 http=000000 containers=[seat-allocation-map__y4d4gda__env-postgres-1 seat-allocation-map__y4d4gda__env-main-1 ]
16:43:21 http=000000 containers=[seat-allocation-map__y4d4gda__env-postgres-1 seat-allocation-map__y4d4gda__env-main-1 ]
16:43:41 http=000000 containers=[seat-allocation-map__y4d4gda__env-postgres-1 seat-allocation-map__y4d4gda__env-main-1 ]
16:44:01 http=000000 containers=[seat-allocation-map__y4d4gda__env-postgres-1 seat-allocation-map__y4d4gda__env-main-1 ]
16:44:21 http=000000 containers=[seat-allocation-map__y4d4gda__env-postgres-1 seat-allocation-map__y4d4gda__env-main-1 ]
16:44:42 http=000000 containers=[seat-allocation-map__y4d4gda__env-postgres-1 seat-allocation-map__y4d4gda__env-main-1 ]
16:45:02 http=000000 containers=[seat-allocation-map__y4d4gda__env-postgres-1 seat-allocation-map__y4d4gda__env-main-1 ]
16:45:22 http=000000 containers=[seat-allocation-map__y4d4gda__env-postgres-1 seat-allocation-map__y4d4gda__env-main-1 ]
16:45:42 http=000000 containers=[seat-allocation-map__y4d4gda__env-postgres-1 seat-allocation-map__y4d4gda__env-main-1 ]
16:46:02 http=000000 containers=[seat-allocation-map__y4d4gda__env-postgres-1 seat-allocation-map__y4d4gda__env-main-1 ]
16:46:22 http=000000 containers=[seat-allocation-map__y4d4gda__env-postgres-1 seat-allocation-map__y4d4gda__env-main-1 ]
16:46:42 http=000000 containers=[seat-allocation-map__y4d4gda__env-postgres-1 seat-allocation-map__y4d4gda__env-main-1 ]
16:47:02 http=000000 containers=[seat-allocation-map__y4d4gda__env-postgres-1 seat-allocation-map__y4d4gda__env-main-1 ]
16:47:22 http=000000 containers=[seat-allocation-map__y4d4gda__env-postgres-1 seat-allocation-map__y4d4gda__env-main-1 ]
16:47:42 http=000000 containers=[seat-allocation-map__y4d4gda__env-postgres-1 seat-allocation-map__y4d4gda__env-main-1 ]
16:48:03 http=000000 containers=[seat-allocation-map__y4d4gda__env-postgres-1 seat-allocation-map__y4d4gda__env-main-1 ]
16:48:23 http=000000 containers=[seat-allocation-map__y4d4gda__env-postgres-1 seat-allocation-map__y4d4gda__env-main-1 ]
16:48:43 http=000000 containers=[seat-allocation-map__y4d4gda__env-postgres-1 seat-allocation-map__y4d4gda__env-main-1 ]
16:49:03 http=000000 containers=[seat-allocation-map__y4d4gda__env-postgres-1 seat-allocation-map__y4d4gda__env-main-1 ]
16:49:23 http=000000 containers=[seat-allocation-map__y4d4gda__env-postgres-1 seat-allocation-map__y4d4gda__env-main-1 ]
16:49:43 http=000000 containers=[seat-allocation-map__y4d4gda__env-postgres-1 seat-allocation-map__y4d4gda__env-main-1 ]
16:50:03 http=000000 containers=[seat-allocation-map__y4d4gda__env-postgres-1 seat-allocation-map__y4d4gda__env-main-1 ]
16:50:23 http=200 containers=[seat-allocation-map__y4d4gda__env-postgres-1 seat-allocation-map__y4d4gda__env-main-1 ]
16:50:43 http=200 containers=[seat-allocation-map__y4d4gda__env-postgres-1 seat-allocation-map__y4d4gda__env-main-1 ]
16:51:03 http=200 containers=[seat-allocation-map__y4d4gda__env-postgres-1 seat-allocation-map__y4d4gda__env-main-1 ]
16:51:24 http=200 containers=[seat-allocation-map__y4d4gda__env-postgres-1 seat-allocation-map__y4d4gda__env-main-1 ]
16:51:44 http=200 containers=[seat-allocation-map__y4d4gda__env-postgres-1 seat-allocation-map__y4d4gda__env-main-1 ]
16:52:04 http=000000 containers=[seat-allocation-map__y4d4gda__verifier__trial-main-1 ]
16:52:24 http=000000 containers=[seat-allocation-map__y4d4gda__verifier__trial-main-1 ]
16:52:44 http=000000 containers=[seat-allocation-map__y4d4gda__verifier__trial-main-1 ]
16:53:04 http=000000 containers=[seat-allocation-map__y4d4gda__verifier__trial-main-1 ]
16:53:24 http=000000 containers=[seat-allocation-map__y4d4gda__verifier__trial-main-1 ]
16:53:44 http=000000 containers=[seat-allocation-map__y4d4gda__verifier__trial-main-1 ]
16:54:04 http=000000 containers=[seat-allocation-map__y4d4gda__verifier__trial-main-1 ]
16:54:24 http=000000 containers=[seat-allocation-map__y4d4gda__verifier__trial-main-1 ]
16:54:45 http=000000 containers=[seat-allocation-map__y4d4gda__verifier__trial-main-1 ]
16:55:05 http=000000 containers=[]
16:55:25 http=000000 containers=[]
16:55:45 http=000000 containers=[]
16:56:05 http=000000 containers=[]
16:56:25 http=000000 containers=[]
16:56:46 http=000000 containers=[]
16:57:06 http=000000 containers=[]
16:57:26 http=000000 containers=[]
16:57:46 http=000000 containers=[]
16:58:06 http=000000 containers=[]
16:58:27 http=000000 containers=[]
16:58:47 http=000000 containers=[]
16:59:07 http=000000 containers=[]
16:59:27 http=000000 containers=[]
16:59:47 http=000000 containers=[]
17:00:07 http=000000 containers=[]
17:00:28 http=000000 containers=[]
17:00:48 http=000000 containers=[]
17:01:08 http=000000 containers=[]
